[16:45:11] Clicked: C:\Users\CYBER\Downloads\tatito\Images\capture_20260718_121114=1437_91_41_42=.png
[17:02:05] Đã gửi tín hiệu reload scheduler
[17:03:30] Đã lưu screenshot: click_timeout.png
[17:03:30] Timeout: C:\Users\CYBER\Downloads\tatito\Images\capture_20260718_121114=1437_91_41_42=.png
[18:31:37] Clicked: C:\Users\CYBER\Downloads\tatito\Images\capture_20260718_182916=0_215_65_65=.png
[18:31:46] Clicked: C:\Users\CYBER\Downloads\tatito\Images\capture_20260718_183141=1435_93_42_41=.png
[18:32:31] Đã gửi tín hiệu reload scheduler
[18:33:30] Đã lưu screenshot: click_timeout.png
[18:33:30] Timeout: C:\Users\CYBER\Downloads\tatito\Images\capture_20260718_183141=1435_93_42_41=.png
[18:33:58] Đã gửi tín hiệu reload scheduler
[18:34:08] Clicked: C:\Users\CYBER\Downloads\tatito\Images\capture_20260718_183141=1435_93_42_41=.png
[18:34:13] Đã gửi tín hiệu reload scheduler
[18:34:31] Đã gửi tín hiệu reload scheduler
[18:34:42] Đã gửi tín hiệu reload scheduler
[18:34:49] Clicked: C:\Users\CYBER\Downloads\tatito\Images\capture_20260718_182916=0_215_65_65=.png
[18:35:00] Clicked: C:\Users\CYBER\Downloads\tatito\Images\capture_20260718_183141=1435_93_42_41=.png
[18:36:42] Đã gửi tín hiệu reload scheduler
[18:36:44] Đã gửi tín hiệu reload scheduler
[18:36:50] Đã gửi tín hiệu reload scheduler
[18:37:00] Đã gửi tín hiệu reload scheduler
[18:37:06] Đã gửi tín hiệu reload scheduler
[18:38:00] Đã gửi tín hiệu reload scheduler
[18:38:07] Đã gửi tín hiệu reload scheduler
[18:38:15] Đóng msedge.exe...
[18:38:15] msedge.exe đã đóng.
[18:38:15] msedge.exe đã khởi động
[18:39:00] Đóng msedge.exe...
[18:39:00] msedge.exe đã đóng.
[18:39:00] msedge.exe đã khởi động
